// Jest Snapshot v1, https://goo.gl/fbAQLP

exports[`Renders learn react link Basic JSX testing 1`] = `
<input
  placeholder="input value"
  type="text"
/>
`;

exports[`Renders learn react link Examples with Get methods 1`] = `
<input
  placeholder="input value"
  type="text"
/>
`;

exports[`renders learn react link 1`] = `
<input
  placeholder="input value"
  type="text"
/>
`;

exports[`renders learn react link renders learn react link 1`] = `
<input
  placeholder="input value"
  type="text"
/>
`;
